warning: field `task_handle` is never read
  --> components/downloads_manager/src/lib.rs:56:5
   |
52 | struct DownloadTask {
   |        ------------ field in this struct
...
56 |     task_handle: Option<JoinHandle<()>>,
   |     ^^^^^^^^^^^
   |
   = note: `#[warn(dead_code)]` (part of `#[warn(unused)]`) on by default

warning: `downloads_manager` (lib) generated 1 warning
warning: unused import: `ShellConfig`
  --> tests/integration/test_browser_shell_window_manager.rs:11:35
   |
11 | use browser_shell::{BrowserShell, ShellConfig};
   |                                   ^^^^^^^^^^^
   |
   = note: `#[warn(unused_imports)]` (part of `#[warn(unused)]`) on by default

warning: unused import: `default_window_config`
  --> tests/integration/test_browser_shell_window_manager.rs:12:47
   |
12 | use integration_helpers::{create_test_config, default_window_config};
   |                                               ^^^^^^^^^^^^^^^^^^^^^

warning: unused variable: `settings_path`
  --> tests/e2e/test_settings_persistence.rs:24:9
   |
24 |     let settings_path = temp_dir.path().join("settings.yaml");
   |         ^^^^^^^^^^^^^ help: if this is intentional, prefix it with an underscore: `_settings_path`
   |
   = note: `#[warn(unused_variables)]` (part of `#[warn(unused)]`) on by default

warning: unused import: `ShellConfig`
  --> tests/integration/test_browser_shell_tab_manager.rs:11:35
   |
11 | use browser_shell::{BrowserShell, ShellConfig};
   |                                   ^^^^^^^^^^^
   |
   = note: `#[warn(unused_imports)]` (part of `#[warn(unused)]`) on by default

warning: unused import: `ShellConfig`
  --> tests/e2e/test_window_tab_navigation.rs:13:35
   |
13 | use browser_shell::{BrowserShell, ShellConfig};
   |                                   ^^^^^^^^^^^
   |
   = note: `#[warn(unused_imports)]` (part of `#[warn(unused)]`) on by default

   Compiling corten-browser-tests v0.1.0 (/home/user/Corten-BrowserShell/tests)
warning: variable does not need to be mutable
   --> tests/e2e/test_browser_startup.rs:117:9
    |
117 |     let mut shell = BrowserShell::new();
    |         ----^^^^^
    |         |
    |         help: remove this `mut`
    |
    = note: `#[warn(unused_mut)]` (part of `#[warn(unused)]`) on by default

warning: `corten-browser-tests` (test "integration_browser_shell_window_manager") generated 2 warnings (run `cargo fix --test "integration_browser_shell_window_manager"` to apply 2 suggestions)
warning: `corten-browser-tests` (test "e2e_settings_persistence") generated 1 warning
warning: `corten-browser-tests` (test "integration_browser_shell_tab_manager") generated 1 warning (run `cargo fix --test "integration_browser_shell_tab_manager"` to apply 1 suggestion)
warning: `corten-browser-tests` (test "e2e_window_tab_navigation") generated 1 warning (run `cargo fix --test "e2e_window_tab_navigation"` to apply 1 suggestion)
warning: `corten-browser-tests` (test "e2e_browser_startup") generated 1 warning (run `cargo fix --test "e2e_browser_startup"` to apply 1 suggestion)
    Finished `test` profile [optimized + debuginfo] target(s) in 2.59s
     Running unittests helpers/lib.rs (target/debug/deps/integration_helpers-8f09b483efaaacd0)

running 0 tests

test result: ok. 0 passed; 0 failed; 0 ignored; 0 measured; 0 filtered out; finished in 0.00s

     Running e2e/test_bookmark_workflow.rs (target/debug/deps/e2e_bookmark_workflow-46658f3a6438ea6b)

running 5 tests
test test_bookmark_manager_initializes_with_browser ... ok
test test_bookmarks_default_creation_on_first_launch ... ok
test test_bookmarks_persist_across_browser_restarts ... ok
test test_different_user_data_dirs_have_independent_bookmarks ... ok
test test_bookmarks_survive_multiple_restarts ... ok

test result: ok. 5 passed; 0 failed; 0 ignored; 0 measured; 0 filtered out; finished in 0.02s

     Running e2e/test_browser_startup.rs (target/debug/deps/e2e_browser_startup-dd9b7c2f95db391a)

running 4 tests
test test_browser_startup_failure_recovery ... ok
test test_browser_startup_with_custom_configuration ... ok
test test_complete_browser_startup_flow ... ok
test test_browser_multiple_startups ... ok

test result: ok. 4 passed; 0 failed; 0 ignored; 0 measured; 0 filtered out; finished in 0.01s

     Running e2e/test_settings_persistence.rs (target/debug/deps/e2e_settings_persistence-94c851749e8fe198)

running 4 tests
test test_settings_default_creation_on_first_launch ... ok
test test_settings_persist_across_browser_restarts ... ok
test test_different_user_data_dirs_have_independent_settings ... ok
test test_settings_survive_multiple_restarts ... ok

test result: ok. 4 passed; 0 failed; 0 ignored; 0 measured; 0 filtered out; finished in 0.02s

     Running e2e/test_window_tab_navigation.rs (target/debug/deps/e2e_window_tab_navigation-8ce9f922428bb1b2)

running 5 tests
test test_navigation_sequence_in_single_tab ... ok
test test_multiple_windows_with_tabs ... ok
test test_empty_tab_creation_then_navigation ... ok
test test_window_tab_navigation_complete_workflow ... ok
test test_rapid_tab_creation_and_navigation ... ok

test result: ok. 5 passed; 0 failed; 0 ignored; 0 measured; 0 filtered out; finished in 0.01s

     Running integration/test_browser_shell_bookmarks.rs (target/debug/deps/integration_browser_shell_bookmarks-54e4895925635977)

running 5 tests
test test_browser_shell_initializes_bookmarks_manager ... ok
test test_browser_shell_saves_bookmarks_on_shutdown ... ok
test test_browser_shell_bookmarks_with_custom_user_data_dir ... ok
test test_bookmarks_persist_across_restarts ... ok
test test_bookmarks_manager_survives_multiple_init_shutdown_cycles ... ok

test result: ok. 5 passed; 0 failed; 0 ignored; 0 measured; 0 filtered out; finished in 0.01s

     Running integration/test_browser_shell_settings.rs (target/debug/deps/integration_browser_shell_settings-51d9abbd9a73feb7)

running 4 tests
test test_browser_shell_initializes_settings_manager ... ok
test test_browser_shell_saves_settings_on_shutdown ... ok
test test_browser_shell_settings_with_custom_user_data_dir ... ok
test test_settings_persist_across_restarts ... ok

test result: ok. 4 passed; 0 failed; 0 ignored; 0 measured; 0 filtered out; finished in 0.01s

     Running integration/test_browser_shell_tab_manager.rs (target/debug/deps/integration_browser_shell_tab_manager-56bf5eeee8973713)

running 8 tests
test test_browser_shell_creates_tab_with_url ... ok
test test_browser_shell_creates_multiple_tabs ... ok
test test_browser_shell_creates_tab_via_tab_manager ... ok
test test_browser_shell_navigate_active_tab ... ok
test test_browser_shell_navigate_requires_active_tab ... ok
test test_browser_shell_multiple_tabs_in_same_window ... ok
test test_browser_shell_tab_creation_requires_active_window ... ok
test test_browser_shell_tab_navigation_flow ... ok

test result: ok. 8 passed; 0 failed; 0 ignored; 0 measured; 0 filtered out; finished in 0.01s

     Running integration/test_browser_shell_window_manager.rs (target/debug/deps/integration_browser_shell_window_manager-6cd3d04ee12f38ae)

running 6 tests
test test_browser_shell_window_creation_requires_initialization ... ok
test test_browser_shell_creates_window_via_window_manager ... ok
test test_browser_shell_uses_default_window_config ... ok
test test_browser_shell_creates_window_with_custom_config ... ok
test test_browser_shell_creates_multiple_windows ... ok
test test_browser_shell_window_manager_integration_after_shutdown ... ok

test result: ok. 6 passed; 0 failed; 0 ignored; 0 measured; 0 filtered out; finished in 0.01s

     Running integration/test_message_bus.rs (target/debug/deps/integration_message_bus-5cb558a6c624ebe4)

running 5 tests
test test_message_bus_can_be_created ... ok
test test_message_bus_component_registration ... ok
test test_message_bus_handles_unregistered_component_subscription ... ok
test test_message_bus_subscription ... ok
test test_message_bus_multiple_component_registration ... ok

test result: ok. 5 passed; 0 failed; 0 ignored; 0 measured; 0 filtered out; finished in 0.01s

